// Jest Snapshot v1, https://goo.gl/fbAQLP

exports[`Prueba de GifGridItem.js Debe de mostrar el componente correctamente 1`] = `
<div
  className="card animate__animated animate__bounce"
>
  <img
    alt="Title"
    src="https://giphy.com/gifs/studiosoriginals-wednesday-happy-morning-Cm9wKmKMUlRPvdoHgU"
  />
  <p>
    Title
  </p>
</div>
`;
